[themewagon.github.io/crypto/indexc47d.html]
[backblue.gif]
[fade.gif]
[index.html]
[themewagon.github.io/crypto/img/favicon.ico]
[themewagon.github.io/crypto/css/font-awesome.min.css]
[themewagon.github.io/crypto/css/bootstrap.min.css]
[themewagon.github.io/crypto/css/themify-icons.css]
[themewagon.github.io/crypto/css/animate.css]
[themewagon.github.io/crypto/css/owl.carousel.css]
[themewagon.github.io/crypto/css/style.css]
[themewagon.github.io/crypto/index.html]
[themewagon.github.io/crypto/img/logo.png]
[themewagon.github.io/crypto/img/laptop.png]
[themewagon.github.io/crypto/img/about-img.png]
[themewagon.github.io/crypto/img/process-icons/1.png]
[themewagon.github.io/crypto/img/process-icons/2.png]
[themewagon.github.io/crypto/img/process-icons/3.png]
[themewagon.github.io/crypto/img/member/1.jpg]
[themewagon.github.io/crypto/img/member/2.jpg]
[themewagon.github.io/crypto/img/member/3.jpg]
[themewagon.github.io/crypto/img/member/4.jpg]
[themewagon.github.io/crypto/img/member/5.jpg]
[themewagon.github.io/crypto/img/quote.png]
[themewagon.github.io/crypto/img/review/1.jpg]
[themewagon.github.io/crypto/img/review/2.jpg]
[themewagon.github.io/crypto/img/review/3.jpg]
[themewagon.github.io/crypto/img/blog/1.jpg]
[themewagon.github.io/crypto/img/blog/2.jpg]
[themewagon.github.io/crypto/img/blog/3.jpg]
[themewagon.github.io/crypto/img/appstore.png]
[themewagon.github.io/crypto/img/playstore.png]
[themewagon.github.io/crypto/js/jquery-3.2.1.min.js]
[themewagon.github.io/crypto/indexc47d.html]
[themewagon.github.io/crypto/js/main.js]
[themewagon.github.io/crypto/js/owl.carousel.min.js]
[themewagon.github.io/crypto/css/bootstrap.min.css]
[themewagon.github.io/crypto/icon-fonts/fontawesome-webfont3e6e.eot]
[themewagon.github.io/crypto/icon-fonts/fontawesome-webfont3e6e.woff2]
[themewagon.github.io/crypto/icon-fonts/fontawesome-webfontd41d.eot]
[themewagon.github.io/crypto/icon-fonts/fontawesome-webfont3e6e.woff]
[themewagon.github.io/crypto/icon-fonts/fontawesome-webfont.233e6e.delayed]
[themewagon.github.io/crypto/css/font-awesome.min.css]
[themewagon.github.io/crypto/icon-fonts/themify9f24.eot]
[themewagon.github.io/crypto/icon-fonts/themify9f24.woff]
[themewagon.github.io/crypto/icon-fonts/fontawesome-webfont3e6e.svg]
[themewagon.github.io/crypto/css/themify-icons.css]
[themewagon.github.io/crypto/css/animate.css]
[themewagon.github.io/crypto/icon-fonts/themifyd41d.eot]
[themewagon.github.io/crypto/icon-fonts/themify9f24.ttf]
[themewagon.github.io/crypto/css/owl.video.play.png]
[themewagon.github.io/crypto/css/owl.carousel.css]
[themewagon.github.io/crypto/fonts/Futura.woff]
[themewagon.github.io/crypto/img/hero-bg.png]
[themewagon.github.io/crypto/img/process-line.png]
[themewagon.github.io/crypto/img/page-info-bg.png]
[themewagon.github.io/crypto/css/style.css]
[themewagon.github.io/crypto/index.html]
[themewagon.github.io/crypto/icon-fonts/fontawesome-webfont3e6e.html]
[themewagon.github.io/crypto/icon-fonts/themify9f24.svg]
[themewagon.github.io/crypto/icon-fonts/fontawesome-webfont3e6e.svg]
[themewagon.github.io/crypto/icon-fonts/themify9f24.svg]
[themewagon.github.io/crypto/css/owl.video.play.html]
